{
  "version": 1,
  "toolName": "Read",
  "matchedSkills": [
    "cron-jobs",
    "deployments-cicd",
    "routing-middleware",
    "vercel-cli",
    "vercel-functions"
  ],
  "injectedSkills": [
    "cron-jobs",
    "vercel-cli",
    "vercel-functions",
    "deployments-cicd",
    "routing-middleware"
  ],
  "summaryOnly": [],
  "droppedByCap": [],
  "droppedByBudget": []
}
